// Jest Snapshot v1, https://goo.gl/fbAQLP

exports[`GroupsList should render GroupsList correctly with given props 1`] = `ShallowWrapper {}`;
