// Jest Snapshot v1, https://goo.gl/fbAQLP

exports[`DeletePartsPage should render PartSorting Page correctly with given props 1`] = `ShallowWrapper {}`;
