// Jest Snapshot v1, https://goo.gl/fbAQLP

exports[`DetailsTable should render DetailsTable correctly with given props 1`] = `ShallowWrapper {}`;
