// Jest Snapshot v1, https://goo.gl/fbAQLP

exports[`App should render App correctly with given props 1`] = `ShallowWrapper {}`;
